error: internal compiler error: compiler/rustc_infer/src/infer/at.rs:364:21: relating different kinds: diesel::pg::Pg '?2
